-- Automatically generated by CometTPCDSQuerySuite

-- !query schema
struct<c_last_name:string,c_first_name:string,s_store_name:string,paid:decimal(27,2)>
-- !query output

