-- Automatically generated by CometTPCDSQuerySuite

-- !query schema
struct<order count :bigint,total shipping cost :decimal(17,2),total net profit :decimal(17,2)>
-- !query output
280	1300478.25	-285761.26
