-- Automatically generated by CometTPCDSQuerySuite

-- !query schema
struct<sum(sales):decimal(28,2)>
-- !query output
NULL
