-- Automatically generated by CometTPCDSQuerySuite

-- !query schema
struct<c_last_name:string,c_first_name:string,sales:decimal(28,2)>
-- !query output

