-- Automatically generated by CometTPCDSQuerySuite

-- !query schema
struct<excess discount amount:decimal(17,2)>
-- !query output
9089.28
