-- Automatically generated by CometTPCDSQuerySuite

-- !query schema
struct<i_product_name:string>
-- !query output
antieingeseableought                              
eingeseeseese                                     
eseeingeseableought                               
oughtoughtablecally                               
priantin stoughtought
