-- Automatically generated by CometTPCDSQuerySuite

-- !query schema
struct<sum(ss_quantity):bigint>
-- !query output
28312
