-- Automatically generated by CometTPCDSQuerySuite

-- !query schema
struct<segment:int,num_customers:bigint,segment_base:int>
-- !query output

