-- Automatically generated by CometTPCDSQuerySuite

-- !query schema
struct<w_warehouse_name:string,w_warehouse_sq_ft:int,w_city:string,w_county:string,w_state:string,w_country:string,ship_carriers:string,year:int,jan_sales:decimal(38,2),feb_sales:decimal(38,2),mar_sales:decimal(38,2),apr_sales:decimal(38,2),may_sales:decimal(38,2),jun_sales:decimal(38,2),jul_sales:decimal(38,2),aug_sales:decimal(38,2),sep_sales:decimal(38,2),oct_sales:decimal(38,2),nov_sales:decimal(38,2),dec_sales:decimal(38,2),jan_sales_per_sq_foot:decimal(38,12),feb_sales_per_sq_foot:decimal(38,12),mar_sales_per_sq_foot:decimal(38,12),apr_sales_per_sq_foot:decimal(38,12),may_sales_per_sq_foot:decimal(38,12),jun_sales_per_sq_foot:decimal(38,12),jul_sales_per_sq_foot:decimal(38,12),aug_sales_per_sq_foot:decimal(38,12),sep_sales_per_sq_foot:decimal(38,12),oct_sales_per_sq_foot:decimal(38,12),nov_sales_per_sq_foot:decimal(38,12),dec_sales_per_sq_foot:decimal(38,12),jan_net:decimal(38,2),feb_net:decimal(38,2),mar_net:decimal(38,2),apr_net:decimal(38,2),may_net:decimal(38,2),jun_net:decimal(38,2),jul_net:decimal(38,2),aug_net:decimal(38,2),sep_net:decimal(38,2),oct_net:decimal(38,2),nov_net:decimal(38,2),dec_net:decimal(38,2)>
-- !query output

