-- Automatically generated by CometTPCDSQuerySuite

-- !query schema
struct<brand_id:int,brand:string,t_hour:int,t_minute:int,ext_price:decimal(17,2)>
-- !query output

