-- Automatically generated by CometTPCDSQuerySuite

-- !query schema
struct<Call_Center:string,Call_Center_Name:string,Manager:string,Returns_Loss:decimal(17,2)>
-- !query output

