-- Automatically generated by CometTPCDSQuerySuite

-- !query schema
struct<Excess Discount Amount :decimal(17,2)>
-- !query output
39037.04
