-- Automatically generated by CometTPCDSQuerySuite

-- !query schema
struct<store_only:bigint,catalog_only:bigint,store_and_catalog:bigint>
-- !query output
537833	285408	200
